// Jest Snapshot v1, https://goo.gl/fbAQLP

exports[`should render expense list item with fixture data 1`] = `
<div>
  <Link
    replace={false}
    to="/edit/1"
  >
    <h3>
      Gum
    </h3>
  </Link>
  <p>
    Created at 
    December 31st, 1969
    cost is $ 
    $1.95
  </p>
</div>
`;
